Traceback (most recent call last):
  File "c:\python39\lib\site-packages\jupyter_core\utils\__init__.py", line 154, in wrapped
    asyncio.get_running_loop()
RuntimeError: no running event loop

During handling of the above exception, another exception occurred:

Traceback (most recent call last):
  File "c:\python39\lib\site-packages\jupyter_cache\executors\utils.py", line 58, in single_nb_execution
    executenb(
  File "C:\Users\Harits Putra Junaidi\AppData\Roaming\Python\Python39\site-packages\nbclient\client.py", line 1319, in execute
    return NotebookClient(nb=nb, resources=resources, km=km, **kwargs).execute()
  File "c:\python39\lib\site-packages\jupyter_core\utils\__init__.py", line 158, in wrapped
    return loop.run_until_complete(inner)
  File "c:\python39\lib\asyncio\base_events.py", line 642, in run_until_complete
    return future.result()
  File "C:\Users\Harits Putra Junaidi\AppData\Roaming\Python\Python39\site-packages\nbclient\client.py", line 709, in async_execute
    await self.async_execute_cell(
  File "C:\Users\Harits Putra Junaidi\AppData\Roaming\Python\Python39\site-packages\nbclient\client.py", line 1062, in async_execute_cell
    await self._check_raise_for_error(cell, cell_index, exec_reply)
  File "C:\Users\Harits Putra Junaidi\AppData\Roaming\Python\Python39\site-packages\nbclient\client.py", line 918, in _check_raise_for_error
    raise CellExecutionError.from_cell_and_msg(cell, exec_reply_content)
nbclient.exceptions.CellExecutionError: An error occurred while executing the following cell:
------------------
print("Distribusi kelas sebelum ADASYN:")
print(f"{sorted(Counter(y).items())}")

nt = X
ns = y

temp = sorted(class_counts)  
print(f"Sorted counts untuk iterasi: {temp}")

for i in range(0, 7):
    n = max(1, temp[i] - 1)  
    
    print(f"\nIterasi {i+1}: menggunakan k_neighbors={n}")
    
    try:
        nt, ns = ADASYN(n_neighbors=n, sampling_strategy='minority').fit_resample(nt, ns)
        print(f"Hasil iterasi {i+1}: {sorted(Counter(ns).items())}")
    except Exception as e:
        print(f"Error pada iterasi {i+1}: {e}")
        break

print(f"\nDistribusi kelas setelah ADASYN:")
print(f"{sorted(Counter(ns).items())}")

print(f"\nTotal samples sebelum: {len(y)}")
print(f"Total samples setelah: {len(ns)}")
print(f"Data yang ditambahkan: {len(ns) - len(y)}")

# Convert ADASYN ke CSV
df_adasyn = pd.DataFrame(nt, columns=['mcg', 'gvh', 'lip', 'chg', 'aac', 'alm1', 'alm2'])
df_adasyn['class'] = ns
df_adasyn.to_csv('data_ecoli_adasyn.csv', index=False)
print(f"✅ Data ADASYN disimpan ke 'data_ecoli_adasyn.csv' - {len(df_adasyn)} rows")
------------------

----- stdout -----
Distribusi kelas sebelum ADASYN:
------------------

[1;31m---------------------------------------------------------------------------[0m
[1;31mNameError[0m                                 Traceback (most recent call last)
Cell [1;32mIn[6], line 2[0m
[0;32m      1[0m [38;5;28mprint[39m([38;5;124m"[39m[38;5;124mDistribusi kelas sebelum ADASYN:[39m[38;5;124m"[39m)
[1;32m----> 2[0m [38;5;28mprint[39m([38;5;124mf[39m[38;5;124m"[39m[38;5;132;01m{[39;00m[38;5;28msorted[39m(Counter(y)[38;5;241m.[39mitems())[38;5;132;01m}[39;00m[38;5;124m"[39m)
[0;32m      4[0m nt [38;5;241m=[39m X
[0;32m      5[0m ns [38;5;241m=[39m y

[1;31mNameError[0m: name 'y' is not defined

