Traceback (most recent call last):
  File "C:\Python311\Lib\site-packages\jupyter_cache\executors\utils.py", line 58, in single_nb_execution
    executenb(
  File "C:\Python311\Lib\site-packages\nbclient\client.py", line 1319, in execute
    return NotebookClient(nb=nb, resources=resources, km=km, **kwargs).execute()
           ^^^^^^^^^^^^^^^^^^^^^^^^^^^^^^^^^^^^^^^^^^^^^^^^^^^^^^^^^^^^^^^^^^^^^
  File "C:\Python311\Lib\site-packages\jupyter_core\utils\__init__.py", line 165, in wrapped
    return loop.run_until_complete(inner)
           ^^^^^^^^^^^^^^^^^^^^^^^^^^^^^^
  File "C:\Python311\Lib\asyncio\base_events.py", line 654, in run_until_complete
    return future.result()
           ^^^^^^^^^^^^^^^
  File "C:\Python311\Lib\site-packages\nbclient\client.py", line 709, in async_execute
    await self.async_execute_cell(
  File "C:\Python311\Lib\site-packages\nbclient\client.py", line 1062, in async_execute_cell
    await self._check_raise_for_error(cell, cell_index, exec_reply)
  File "C:\Python311\Lib\site-packages\nbclient\client.py", line 918, in _check_raise_for_error
    raise CellExecutionError.from_cell_and_msg(cell, exec_reply_content)
nbclient.exceptions.CellExecutionError: An error occurred while executing the following cell:
------------------
import streamlit as st
import os
import librosa
import numpy as np
import pandas as pd
from scipy import stats
import joblib
import matplotlib.pyplot as plt
import plotly.graph_objects as go
import plotly.express as px
import tempfile

st.set_page_config(
    page_title="Audio Classification: Buka vs Tutup",
    page_icon="🎵",
    layout="wide",
    initial_sidebar_state="expanded"
)

st.markdown("""
<style>
    .main-header {
        font-size: 2.5rem;
        color: #1f77b4;
        text-align: center;
        margin-bottom: 2rem;
    }
    .prediction-box {
        padding: 1rem;
        border-radius: 10px;
        margin: 1rem 0;
        text-align: center;
    }
    .prediction-buka {
        background-color: #d4edda;
        border: 2px solid #28a745;
        color: #155724;
    }
    .prediction-tutup {
        background-color: #f8d7da;
        border: 2px solid #dc3545;
        color: #721c24;
    }
    .feature-info {
        background-color: #f8f9fa;
        padding: 1rem;
        border-radius: 5px;
        margin: 0.5rem 0;
    }
</style>
""", unsafe_allow_html=True)

st.markdown('<h1 class="main-header">Audio Classification: Suara Buka vs Tutup</h1>', unsafe_allow_html=True)

@st.cache_resource
def load_model():
    """Load the trained Random Forest model"""
    try:
        model = joblib.load('saved_models/rf_model_buka_tutup.pkl')
        return model, True
    except FileNotFoundError:
        st.error("Model tidak ditemukan! Pastikan file 'saved_models/rf_model_buka_tutup.pkl' tersedia.")
        return None, False

def extract_features(y, sr=22050):
    """
    Extract audio features exactly like in your notebook
    """
    feat = {
        "mean": np.mean(y),
        "var": np.var(y),
        "skew": stats.skew(y),
        "kurt": stats.kurtosis(y),
        "rms": np.sqrt(np.mean(y**2)),
        "zcr": np.mean(librosa.feature.zero_crossing_rate(y)),
        "centroid": np.mean(librosa.feature.spectral_centroid(y=y, sr=sr)),
        "bandwidth": np.mean(librosa.feature.spectral_bandwidth(y=y, sr=sr)),
        "rolloff": np.mean(librosa.feature.spectral_rolloff(y=y, sr=sr))
    }
    
    hist, _ = np.histogram(y, bins=50, density=True)
    hist = hist[hist > 0]  
    feat["entropy"] = -np.sum(hist * np.log2(hist + 1e-10))
    
    return feat

def preprocess_audio(y, sr, target_sr=22050):
    """
    Preprocess audio exactly like in your notebook
    """
    if sr != target_sr:
        y = librosa.resample(y, orig_sr=sr, target_sr=target_sr)
        sr = target_sr
    
    # durasi tidak lebih dari 1 detik
    max_len = int(sr * 1.0)
    if len(y) < max_len:
        y = np.pad(y, (0, max_len - len(y)), mode='constant')
    else:
        y = y[:max_len]
    
    # Normalisasi
    y = y / np.max(np.abs(y) + 1e-6)
    
    return y, sr

def predict_audio(audio_file, model):
    """
    Predict audio classification - same logic as your notebook
    """
    try:
        # Load audio
        y, sr = librosa.load(audio_file, sr=22050)
        
        # Preprocess
        y_processed, sr_processed = preprocess_audio(y, sr)
        
        # Extract features
        features = extract_features(y_processed, sr_processed)
        
        # Convert to DataFrame
        X_new = pd.DataFrame([features])
        
        # Predict
        pred_label = model.predict(X_new)[0]
        pred_proba = model.predict_proba(X_new)[0]
        
        return pred_label, pred_proba, features, y_processed, sr_processed
        
    except Exception as e:
        st.error(f"Error in prediction: {e}")
        return None, None, None, None, None

def create_waveform_plot(y, sr, title="Audio Waveform"):
    """
    Create waveform plot using plotly
    """
    time = np.linspace(0, len(y)/sr, len(y))
    
    fig = go.Figure()
    fig.add_trace(go.Scatter(
        x=time, y=y,
        mode='lines',
        name='Amplitude',
        line=dict(color='blue', width=1)
    ))
    
    fig.update_layout(
        title=title,
        xaxis_title='Time (seconds)',
        yaxis_title='Amplitude',
        showlegend=False,
        height=300,
        margin=dict(l=0, r=0, t=40, b=0)
    )
    
    return fig



def main():
    model, model_loaded = load_model()
    
    if not model_loaded:
        st.stop()
    
    st.sidebar.header("📋 Model Information")
    st.sidebar.info(f"""
    **Model:** Random Forest
    **Classes:** {', '.join(model.classes_)}
    **Trees:** {model.n_estimators}
    **Features:** {model.n_features_in_}
    **Preprocessing:** Audio normalization & 1-second duration
    """)
    
    col1, col2 = st.columns([1, 1])
    
    with col1:
        st.header("Upload Audio File")
        uploaded_file = st.file_uploader(
            "pilih file audio (harap menggunakan format WAV). Suara dapat diambil dari link berikut: https://www.kaggle.com/datasets/muhammadridhoisdi/audio-recognition-buka-and-tutup",
            type=['wav'],
            help="Upload audio file yang ingin diklasifikasi (akan diproses menjadi 22050 Hz, 1 detik)"
        )
        
        if uploaded_file is not None:
            file_details = {
                "Filename": uploaded_file.name,
                "File size": f"{uploaded_file.size / 1024:.2f} KB"
            }
            st.json(file_details)
            
            with tempfile.NamedTemporaryFile(delete=False, suffix='.wav') as tmp_file:
                tmp_file.write(uploaded_file.read())
                temp_file_path = tmp_file.name
            
            st.audio(uploaded_file, format='audio/wav')
            
            if st.button("🔍 Classify Audio", type="primary"):
                
                with st.spinner("🔄 Processing audio..."):
                    prediction, probabilities, features, y_processed, sr_processed = predict_audio(
                        temp_file_path, model
                    )
                
                if prediction is not None:
                    with col2:
                        st.header("Classification Results")
                        
                        confidence = max(probabilities) * 100
                        
                        if prediction.lower() == 'buka':
                            st.markdown(f"""
                            <div class="prediction-box prediction-buka">
                                <h2>BUKA</h2>
                                <p><strong>Confidence: {confidence:.1f}%</strong></p>
                            </div>
                            """, unsafe_allow_html=True)
                        else:
                            st.markdown(f"""
                            <div class="prediction-box prediction-tutup">
                                <h2>TUTUP</h2>
                                <p><strong>Confidence: {confidence:.1f}%</strong></p>
                            </div>
                            """, unsafe_allow_html=True)
                        
                        st.subheader("Prediction Probabilities")
                        
                        prob_text = f"""
                        **Probabilitas:**
                        - Buka: {probabilities[0]*100:.1f}%
                        - Tutup: {probabilities[1]*100:.1f}%
                        """
                        st.markdown(prob_text)
                        
                        prob_df = pd.DataFrame({
                            'Class': model.classes_,
                            'Probability': probabilities * 100
                        })
                        
                        fig = px.bar(
                            prob_df, 
                            x='Class', 
                            y='Probability',
                            title='Class Probabilities (%)',
                            color='Probability',
                            color_continuous_scale='RdYlBu_r',
                            text='Probability'
                        )
                        fig.update_traces(texttemplate='%{text:.1f}%', textposition='outside')
                        fig.update_layout(showlegend=False)
                        st.plotly_chart(fig, use_container_width=True)
                
                st.header("Audio Analysis")

                if y_processed is not None:
                    waveform_fig = create_waveform_plot(
                        y_processed, sr_processed, "Processed Audio Waveform (1 second, 22050 Hz)"
                    )
                    st.plotly_chart(waveform_fig, use_container_width=True)
                

                
                os.unlink(temp_file_path)
    
    st.header("Cara Menggunakan Aplikasi Ini")
    st.markdown("""
    1. **Upload** file audio (format: hanya bisa format WAV)
    2. **Click** tombol "Classify Audio" untuk memproses
    3. **Lihat** hasil prediksi dan confidence score
    4. **Analisis** waveform dan fitur audio yang diekstrak
    
    **Processing Details:**
    - Audio akan di-resample ke 22050 Hz
    - Durasi akan dipotong/diperpanjang menjadi tepat 1 detik
    - Normalisasi amplitudo akan diterapkan
    - 10 fitur akustik akan diekstrak untuk klasifikasi
    """)

if __name__ == "__main__":
    main()
------------------

----- stderr -----
2025-11-06 16:00:22.585 WARNING streamlit.runtime.scriptrunner_utils.script_run_context: Thread 'MainThread': missing ScriptRunContext! This warning can be ignored when running in bare mode.
----- stderr -----
2025-11-06 16:00:22.587 WARNING streamlit.runtime.scriptrunner_utils.script_run_context: Thread 'MainThread': missing ScriptRunContext! This warning can be ignored when running in bare mode.
----- stderr -----
2025-11-06 16:00:25.011 
  [33m[1mWarning:[0m to view this Streamlit app on a browser, run it with the following
  command:

    streamlit run C:\Python311\Lib\site-packages\ipykernel_launcher.py [ARGUMENTS]
----- stderr -----
2025-11-06 16:00:25.013 Thread 'MainThread': missing ScriptRunContext! This warning can be ignored when running in bare mode.
----- stderr -----
2025-11-06 16:00:25.014 Thread 'MainThread': missing ScriptRunContext! This warning can be ignored when running in bare mode.
----- stderr -----
2025-11-06 16:00:25.016 Thread 'MainThread': missing ScriptRunContext! This warning can be ignored when running in bare mode.
----- stderr -----
2025-11-06 16:00:25.020 Thread 'MainThread': missing ScriptRunContext! This warning can be ignored when running in bare mode.
----- stderr -----
2025-11-06 16:00:25.021 Thread 'MainThread': missing ScriptRunContext! This warning can be ignored when running in bare mode.
----- stderr -----
2025-11-06 16:00:25.031 Thread 'MainThread': missing ScriptRunContext! This warning can be ignored when running in bare mode.
----- stderr -----
2025-11-06 16:00:25.033 Thread 'MainThread': missing ScriptRunContext! This warning can be ignored when running in bare mode.
----- stderr -----
2025-11-06 16:00:25.036 Thread 'MainThread': missing ScriptRunContext! This warning can be ignored when running in bare mode.
----- stderr -----
2025-11-06 16:00:25.038 Thread 'MainThread': missing ScriptRunContext! This warning can be ignored when running in bare mode.
----- stderr -----
2025-11-06 16:00:25.041 Thread 'MainThread': missing ScriptRunContext! This warning can be ignored when running in bare mode.
----- stderr -----
2025-11-06 16:00:25.042 Thread 'MainThread': missing ScriptRunContext! This warning can be ignored when running in bare mode.
----- stderr -----
2025-11-06 16:00:25.044 Thread 'MainThread': missing ScriptRunContext! This warning can be ignored when running in bare mode.
----- stderr -----
2025-11-06 16:00:25.045 Thread 'MainThread': missing ScriptRunContext! This warning can be ignored when running in bare mode.
----- stderr -----
2025-11-06 16:00:25.047 Thread 'MainThread': missing ScriptRunContext! This warning can be ignored when running in bare mode.
----- stderr -----
2025-11-06 16:00:25.048 Thread 'MainThread': missing ScriptRunContext! This warning can be ignored when running in bare mode.
----- stderr -----
2025-11-06 16:00:25.049 Thread 'MainThread': missing ScriptRunContext! This warning can be ignored when running in bare mode.
----- stderr -----
2025-11-06 16:00:25.050 Thread 'MainThread': missing ScriptRunContext! This warning can be ignored when running in bare mode.
----- stderr -----
2025-11-06 16:00:25.052 Thread 'MainThread': missing ScriptRunContext! This warning can be ignored when running in bare mode.
----- stderr -----
2025-11-06 16:00:25.052 Thread 'MainThread': missing ScriptRunContext! This warning can be ignored when running in bare mode.
------------------

[31m---------------------------------------------------------------------------[39m
[31mAttributeError[39m                            Traceback (most recent call last)
[36mCell[39m[36m [39m[32mIn[1][39m[32m, line 281[39m
[32m    267[39m     st.markdown([33m"""[39m
[32m    268[39m [33m    1. **Upload** file audio (format: hanya bisa format WAV)[39m
[32m    269[39m [33m    2. **Click** tombol [39m[33m"[39m[33mClassify Audio[39m[33m"[39m[33m untuk memproses[39m
[32m   (...)[39m[32m    277[39m [33m    - 10 fitur akustik akan diekstrak untuk klasifikasi[39m
[32m    278[39m [33m    [39m[33m"""[39m)
[32m    280[39m [38;5;28;01mif[39;00m [34m__name__[39m == [33m"[39m[33m__main__[39m[33m"[39m:
[32m--> [39m[32m281[39m     [43mmain[49m[43m([49m[43m)[49m

[36mCell[39m[36m [39m[32mIn[1][39m[32m, line 170[39m, in [36mmain[39m[34m()[39m
[32m    165[39m     st.stop()
[32m    167[39m st.sidebar.header([33m"[39m[33m📋 Model Information[39m[33m"[39m)
[32m    168[39m st.sidebar.info([33mf[39m[33m"""[39m
[32m    169[39m [33m**Model:** Random Forest[39m
[32m--> [39m[32m170[39m [33m**Classes:** [39m[38;5;132;01m{[39;00m[33m'[39m[33m, [39m[33m'[39m.join([43mmodel[49m[43m.[49m[43mclasses_[49m)[38;5;132;01m}[39;00m
[32m    171[39m [33m**Trees:** [39m[38;5;132;01m{[39;00mmodel.n_estimators[38;5;132;01m}[39;00m
[32m    172[39m [33m**Features:** [39m[38;5;132;01m{[39;00mmodel.n_features_in_[38;5;132;01m}[39;00m
[32m    173[39m [33m**Preprocessing:** Audio normalization & 1-second duration[39m
[32m    174[39m [33m[39m[33m"""[39m)
[32m    176[39m col1, col2 = st.columns([[32m1[39m, [32m1[39m])
[32m    178[39m [38;5;28;01mwith[39;00m col1:

[31mAttributeError[39m: 'NoneType' object has no attribute 'classes_'

