Traceback (most recent call last):
  File "C:\Python311\Lib\site-packages\jupyter_cache\executors\utils.py", line 58, in single_nb_execution
    executenb(
  File "C:\Python311\Lib\site-packages\nbclient\client.py", line 1319, in execute
    return NotebookClient(nb=nb, resources=resources, km=km, **kwargs).execute()
           ^^^^^^^^^^^^^^^^^^^^^^^^^^^^^^^^^^^^^^^^^^^^^^^^^^^^^^^^^^^^^^^^^^^^^
  File "C:\Python311\Lib\site-packages\jupyter_core\utils\__init__.py", line 165, in wrapped
    return loop.run_until_complete(inner)
           ^^^^^^^^^^^^^^^^^^^^^^^^^^^^^^
  File "C:\Python311\Lib\asyncio\base_events.py", line 654, in run_until_complete
    return future.result()
           ^^^^^^^^^^^^^^^
  File "C:\Python311\Lib\site-packages\nbclient\client.py", line 709, in async_execute
    await self.async_execute_cell(
  File "C:\Python311\Lib\site-packages\nbclient\client.py", line 1062, in async_execute_cell
    await self._check_raise_for_error(cell, cell_index, exec_reply)
  File "C:\Python311\Lib\site-packages\nbclient\client.py", line 918, in _check_raise_for_error
    raise CellExecutionError.from_cell_and_msg(cell, exec_reply_content)
nbclient.exceptions.CellExecutionError: An error occurred while executing the following cell:
------------------
import pandas as pd
import numpy as np
import joblib
import matplotlib.pyplot as plt
import seaborn as sns

day3 = pd.read_csv(r'g:\Harits Putra Juanaidi\KULIAH\SEMESTER 5\PSD\Iris\Webstatis\PSD\myfirstbook\NO2_Bangkalan (multi prediksi)\no2_results\day3_supervised.csv')

print("Kolom tersedia:", day3.columns.tolist())

no2_column = 't-1'  

print("=" * 60)
print("ANALISIS DISTRIBUSI DATA NO₂")
print("=" * 60)

print(f"\n📊 Statistik Deskriptif (menggunakan kolom {no2_column}):")
print(f"  Jumlah data    : {len(day3)}")
print(f"  Mean (μ)       : {day3[no2_column].mean():.6f}")
print(f"  Median         : {day3[no2_column].median():.6f}")
print(f"  Std Dev (σ)    : {day3[no2_column].std():.6f}")
print(f"  Min            : {day3[no2_column].min():.6f}")
print(f"  Max            : {day3[no2_column].max():.6f}")

print("\n📈 Analisis Percentile:")
percentiles = [10, 25, 33, 50, 66, 75, 90]
for p in percentiles:
    val = np.percentile(day3[no2_column], p)
    print(f"  P{p:<3} : {val:.6f}")

print("\n" + "=" * 60)
print("METODE THRESHOLD")
print("=" * 60)

# Metode 1: Percentile (Quartile)
q1 = np.percentile(day3[no2_column], 25)
q3 = np.percentile(day3[no2_column], 75)
print("\n1️⃣ METODE QUARTILE (Q1, Q3)")
print(f"   🟢 RENDAH  : ≤ {q1:.6f} (25% terendah)")
print(f"   🟡 SEDANG  : {q1:.6f} - {q3:.6f} (50% tengah)")
print(f"   🔴 TINGGI  : > {q3:.6f} (25% tertinggi)")

# Metode 2: Tertile (33%, 66%)
t33 = np.percentile(day3[no2_column], 33)
t66 = np.percentile(day3[no2_column], 66)
print("\n2️⃣ METODE TERTILE (33%, 66%)")
print(f"   🟢 RENDAH  : ≤ {t33:.6f} (33% terendah)")
print(f"   🟡 SEDANG  : {t33:.6f} - {t66:.6f} (33% tengah)")
print(f"   🔴 TINGGI  : > {t66:.6f} (33% tertinggi)")

# Metode 3: Standard Deviation
mean = day3[no2_column].mean()
std = day3[no2_column].std()
low_std = mean - 0.5 * std
high_std = mean + 0.5 * std
print("\n3️⃣ METODE STANDARD DEVIATION (μ ± 0.5σ)")
print(f"   🟢 RENDAH  : ≤ {low_std:.6f} (< μ - 0.5σ)")
print(f"   🟡 SEDANG  : {low_std:.6f} - {high_std:.6f} (μ ± 0.5σ)")
print(f"   🔴 TINGGI  : > {high_std:.6f} (> μ + 0.5σ)")

print("\n" + "=" * 60)
print("DISTRIBUSI DATA PADA SETIAP METODE")
print("=" * 60)

methods = {
    'Quartile': (q1, q3),
    'Tertile': (t33, t66),
    'Std Dev': (low_std, high_std)
}

for name, (low, high) in methods.items():
    rendah = (day3[no2_column] <= low).sum()
    sedang = ((day3[no2_column] > low) & (day3[no2_column] <= high)).sum()
    tinggi = (day3[no2_column] > high).sum()
    total = len(day3)
    
    print(f"\n{name}:")
    print(f"  🟢 RENDAH : {rendah:3d} data ({rendah/total*100:5.1f}%)")
    print(f"  🟡 SEDANG : {sedang:3d} data ({sedang/total*100:5.1f}%)")
    print(f"  🔴 TINGGI : {tinggi:3d} data ({tinggi/total*100:5.1f}%)")

selected_method = 'Quartile'
low_threshold, high_threshold = q1, q3

thresholds = {
    'low': low_threshold,
    'medium': high_threshold,
    'min': day3[no2_column].min(),
    'max': day3[no2_column].max(),
    'mean': day3[no2_column].mean(),
    'median': day3[no2_column].median(),
    'std': day3[no2_column].std(),
    'method': selected_method,
    'column_used': no2_column
}

import os
os.makedirs('saved_models', exist_ok=True)
output_path = 'saved_models/thresholds_day3.pkl'
joblib.dump(thresholds, output_path)

print(f"\n✅ Threshold tersimpan ke: {output_path}")
print(f"   Kolom yang digunakan: {no2_column}")
print(f"   Metode: {selected_method}")
print(f"   🟢 RENDAH : ≤ {thresholds['low']:.6f}")
print(f"   🟡 SEDANG : {thresholds['low']:.6f} - {thresholds['medium']:.6f}")
print(f"   🔴 TINGGI : > {thresholds['medium']:.6f}")

------------------


[31m---------------------------------------------------------------------------[39m
[31mFileNotFoundError[39m                         Traceback (most recent call last)
[36mCell[39m[36m [39m[32mIn[10][39m[32m, line 7[39m
[32m      4[39m [38;5;28;01mimport[39;00m[38;5;250m [39m[34;01mmatplotlib[39;00m[34;01m.[39;00m[34;01mpyplot[39;00m[38;5;250m [39m[38;5;28;01mas[39;00m[38;5;250m [39m[34;01mplt[39;00m
[32m      5[39m [38;5;28;01mimport[39;00m[38;5;250m [39m[34;01mseaborn[39;00m[38;5;250m [39m[38;5;28;01mas[39;00m[38;5;250m [39m[34;01msns[39;00m
[32m----> [39m[32m7[39m day3 = [43mpd[49m[43m.[49m[43mread_csv[49m[43m([49m[33;43mr[39;49m[33;43m'[39;49m[33;43mg:[39;49m[33;43m\[39;49m[33;43mHarits Putra Juanaidi[39;49m[33;43m\[39;49m[33;43mKULIAH[39;49m[33;43m\[39;49m[33;43mSEMESTER 5[39;49m[33;43m\[39;49m[33;43mPSD[39;49m[33;43m\[39;49m[33;43mIris[39;49m[33;43m\[39;49m[33;43mWebstatis[39;49m[33;43m\[39;49m[33;43mPSD[39;49m[33;43m\[39;49m[33;43mmyfirstbook[39;49m[33;43m\[39;49m[33;43mNO2_Bangkalan (multi prediksi)[39;49m[33;43m\[39;49m[33;43mno2_results[39;49m[33;43m\[39;49m[33;43mday3_supervised.csv[39;49m[33;43m'[39;49m[43m)[49m
[32m      9[39m [38;5;28mprint[39m([33m"[39m[33mKolom tersedia:[39m[33m"[39m, day3.columns.tolist())
[32m     11[39m no2_column = [33m'[39m[33mt-1[39m[33m'[39m  

[36mFile [39m[32mC:\Python311\Lib\site-packages\pandas\io\parsers\readers.py:948[39m, in [36mread_csv[39m[34m(filepath_or_buffer, sep, delimiter, header, names, index_col, usecols, dtype, engine, converters, true_values, false_values, skipinitialspace, skiprows, skipfooter, nrows, na_values, keep_default_na, na_filter, verbose, skip_blank_lines, parse_dates, infer_datetime_format, keep_date_col, date_parser, date_format, dayfirst, cache_dates, iterator, chunksize, compression, thousands, decimal, lineterminator, quotechar, quoting, doublequote, escapechar, comment, encoding, encoding_errors, dialect, on_bad_lines, delim_whitespace, low_memory, memory_map, float_precision, storage_options, dtype_backend)[39m
[32m    935[39m kwds_defaults = _refine_defaults_read(
[32m    936[39m     dialect,
[32m    937[39m     delimiter,
[32m   (...)[39m[32m    944[39m     dtype_backend=dtype_backend,
[32m    945[39m )
[32m    946[39m kwds.update(kwds_defaults)
[32m--> [39m[32m948[39m [38;5;28;01mreturn[39;00m [43m_read[49m[43m([49m[43mfilepath_or_buffer[49m[43m,[49m[43m [49m[43mkwds[49m[43m)[49m

[36mFile [39m[32mC:\Python311\Lib\site-packages\pandas\io\parsers\readers.py:611[39m, in [36m_read[39m[34m(filepath_or_buffer, kwds)[39m
[32m    608[39m _validate_names(kwds.get([33m"[39m[33mnames[39m[33m"[39m, [38;5;28;01mNone[39;00m))
[32m    610[39m [38;5;66;03m# Create the parser.[39;00m
[32m--> [39m[32m611[39m parser = [43mTextFileReader[49m[43m([49m[43mfilepath_or_buffer[49m[43m,[49m[43m [49m[43m*[49m[43m*[49m[43mkwds[49m[43m)[49m
[32m    613[39m [38;5;28;01mif[39;00m chunksize [38;5;129;01mor[39;00m iterator:
[32m    614[39m     [38;5;28;01mreturn[39;00m parser

[36mFile [39m[32mC:\Python311\Lib\site-packages\pandas\io\parsers\readers.py:1448[39m, in [36mTextFileReader.__init__[39m[34m(self, f, engine, **kwds)[39m
[32m   1445[39m     [38;5;28mself[39m.options[[33m"[39m[33mhas_index_names[39m[33m"[39m] = kwds[[33m"[39m[33mhas_index_names[39m[33m"[39m]
[32m   1447[39m [38;5;28mself[39m.handles: IOHandles | [38;5;28;01mNone[39;00m = [38;5;28;01mNone[39;00m
[32m-> [39m[32m1448[39m [38;5;28mself[39m._engine = [38;5;28;43mself[39;49m[43m.[49m[43m_make_engine[49m[43m([49m[43mf[49m[43m,[49m[43m [49m[38;5;28;43mself[39;49m[43m.[49m[43mengine[49m[43m)[49m

[36mFile [39m[32mC:\Python311\Lib\site-packages\pandas\io\parsers\readers.py:1705[39m, in [36mTextFileReader._make_engine[39m[34m(self, f, engine)[39m
[32m   1703[39m     [38;5;28;01mif[39;00m [33m"[39m[33mb[39m[33m"[39m [38;5;129;01mnot[39;00m [38;5;129;01min[39;00m mode:
[32m   1704[39m         mode += [33m"[39m[33mb[39m[33m"[39m
[32m-> [39m[32m1705[39m [38;5;28mself[39m.handles = [43mget_handle[49m[43m([49m
[32m   1706[39m [43m    [49m[43mf[49m[43m,[49m
[32m   1707[39m [43m    [49m[43mmode[49m[43m,[49m
[32m   1708[39m [43m    [49m[43mencoding[49m[43m=[49m[38;5;28;43mself[39;49m[43m.[49m[43moptions[49m[43m.[49m[43mget[49m[43m([49m[33;43m"[39;49m[33;43mencoding[39;49m[33;43m"[39;49m[43m,[49m[43m [49m[38;5;28;43;01mNone[39;49;00m[43m)[49m[43m,[49m
[32m   1709[39m [43m    [49m[43mcompression[49m[43m=[49m[38;5;28;43mself[39;49m[43m.[49m[43moptions[49m[43m.[49m[43mget[49m[43m([49m[33;43m"[39;49m[33;43mcompression[39;49m[33;43m"[39;49m[43m,[49m[43m [49m[38;5;28;43;01mNone[39;49;00m[43m)[49m[43m,[49m
[32m   1710[39m [43m    [49m[43mmemory_map[49m[43m=[49m[38;5;28;43mself[39;49m[43m.[49m[43moptions[49m[43m.[49m[43mget[49m[43m([49m[33;43m"[39;49m[33;43mmemory_map[39;49m[33;43m"[39;49m[43m,[49m[43m [49m[38;5;28;43;01mFalse[39;49;00m[43m)[49m[43m,[49m
[32m   1711[39m [43m    [49m[43mis_text[49m[43m=[49m[43mis_text[49m[43m,[49m
[32m   1712[39m [43m    [49m[43merrors[49m[43m=[49m[38;5;28;43mself[39;49m[43m.[49m[43moptions[49m[43m.[49m[43mget[49m[43m([49m[33;43m"[39;49m[33;43mencoding_errors[39;49m[33;43m"[39;49m[43m,[49m[43m [49m[33;43m"[39;49m[33;43mstrict[39;49m[33;43m"[39;49m[43m)[49m[43m,[49m
[32m   1713[39m [43m    [49m[43mstorage_options[49m[43m=[49m[38;5;28;43mself[39;49m[43m.[49m[43moptions[49m[43m.[49m[43mget[49m[43m([49m[33;43m"[39;49m[33;43mstorage_options[39;49m[33;43m"[39;49m[43m,[49m[43m [49m[38;5;28;43;01mNone[39;49;00m[43m)[49m[43m,[49m
[32m   1714[39m [43m[49m[43m)[49m
[32m   1715[39m [38;5;28;01massert[39;00m [38;5;28mself[39m.handles [38;5;129;01mis[39;00m [38;5;129;01mnot[39;00m [38;5;28;01mNone[39;00m
[32m   1716[39m f = [38;5;28mself[39m.handles.handle

[36mFile [39m[32mC:\Python311\Lib\site-packages\pandas\io\common.py:863[39m, in [36mget_handle[39m[34m(path_or_buf, mode, encoding, compression, memory_map, is_text, errors, storage_options)[39m
[32m    858[39m [38;5;28;01melif[39;00m [38;5;28misinstance[39m(handle, [38;5;28mstr[39m):
[32m    859[39m     [38;5;66;03m# Check whether the filename is to be opened in binary mode.[39;00m
[32m    860[39m     [38;5;66;03m# Binary mode does not support 'encoding' and 'newline'.[39;00m
[32m    861[39m     [38;5;28;01mif[39;00m ioargs.encoding [38;5;129;01mand[39;00m [33m"[39m[33mb[39m[33m"[39m [38;5;129;01mnot[39;00m [38;5;129;01min[39;00m ioargs.mode:
[32m    862[39m         [38;5;66;03m# Encoding[39;00m
[32m--> [39m[32m863[39m         handle = [38;5;28mopen[39m(
[32m    864[39m             handle,
[32m    865[39m             ioargs.mode,
[32m    866[39m             encoding=ioargs.encoding,
[32m    867[39m             errors=errors,
[32m    868[39m             newline=[33m"[39m[33m"[39m,
[32m    869[39m         )
[32m    870[39m     [38;5;28;01melse[39;00m:
[32m    871[39m         [38;5;66;03m# Binary mode[39;00m
[32m    872[39m         handle = [38;5;28mopen[39m(handle, ioargs.mode)

[31mFileNotFoundError[39m: [Errno 2] No such file or directory: 'g:\\Harits Putra Juanaidi\\KULIAH\\SEMESTER 5\\PSD\\Iris\\Webstatis\\PSD\\myfirstbook\\NO2_Bangkalan (multi prediksi)\\no2_results\\day3_supervised.csv'

