Traceback (most recent call last):
  File "c:\python39\lib\site-packages\jupyter_core\utils\__init__.py", line 154, in wrapped
    asyncio.get_running_loop()
RuntimeError: no running event loop

During handling of the above exception, another exception occurred:

Traceback (most recent call last):
  File "c:\python39\lib\site-packages\jupyter_cache\executors\utils.py", line 58, in single_nb_execution
    executenb(
  File "C:\Users\Harits Putra Junaidi\AppData\Roaming\Python\Python39\site-packages\nbclient\client.py", line 1319, in execute
    return NotebookClient(nb=nb, resources=resources, km=km, **kwargs).execute()
  File "c:\python39\lib\site-packages\jupyter_core\utils\__init__.py", line 158, in wrapped
    return loop.run_until_complete(inner)
  File "c:\python39\lib\asyncio\base_events.py", line 642, in run_until_complete
    return future.result()
  File "C:\Users\Harits Putra Junaidi\AppData\Roaming\Python\Python39\site-packages\nbclient\client.py", line 709, in async_execute
    await self.async_execute_cell(
  File "C:\Users\Harits Putra Junaidi\AppData\Roaming\Python\Python39\site-packages\nbclient\client.py", line 1062, in async_execute_cell
    await self._check_raise_for_error(cell, cell_index, exec_reply)
  File "C:\Users\Harits Putra Junaidi\AppData\Roaming\Python\Python39\site-packages\nbclient\client.py", line 918, in _check_raise_for_error
    raise CellExecutionError.from_cell_and_msg(cell, exec_reply_content)
nbclient.exceptions.CellExecutionError: An error occurred while executing the following cell:
------------------
import pandas as pd
from pycaret.anomaly import * 
import matplotlib.pyplot as plt
------------------


[31m---------------------------------------------------------------------------[39m
[31mImportError[39m                               Traceback (most recent call last)
[36mCell[39m[36m [39m[32mIn[1][39m[32m, line 2[39m
[32m      1[39m [38;5;28;01mimport[39;00m[38;5;250m [39m[34;01mpandas[39;00m[38;5;250m [39m[38;5;28;01mas[39;00m[38;5;250m [39m[34;01mpd[39;00m
[32m----> [39m[32m2[39m [38;5;28;01mfrom[39;00m[38;5;250m [39m[34;01mpycaret[39;00m[34;01m.[39;00m[34;01manomaly[39;00m[38;5;250m [39m[38;5;28;01mimport[39;00m * 
[32m      3[39m [38;5;28;01mimport[39;00m[38;5;250m [39m[34;01mmatplotlib[39;00m[34;01m.[39;00m[34;01mpyplot[39;00m[38;5;250m [39m[38;5;28;01mas[39;00m[38;5;250m [39m[34;01mplt[39;00m

[36mFile [39m[32mC:\Anaconda3\envs\py311\Lib\site-packages\pycaret\anomaly\__init__.py:1[39m
[32m----> [39m[32m1[39m [38;5;28;01mfrom[39;00m[38;5;250m [39m[34;01mpycaret[39;00m[34;01m.[39;00m[34;01manomaly[39;00m[34;01m.[39;00m[34;01mfunctional[39;00m[38;5;250m [39m[38;5;28;01mimport[39;00m (
[32m      2[39m     assign_model,
[32m      3[39m     create_model,
[32m      4[39m     deploy_model,
[32m      5[39m     evaluate_model,
[32m      6[39m     get_config,
[32m      7[39m     get_current_experiment,
[32m      8[39m     get_logs,
[32m      9[39m     load_experiment,
[32m     10[39m     load_model,
[32m     11[39m     models,
[32m     12[39m     plot_model,
[32m     13[39m     predict_model,
[32m     14[39m     pull,
[32m     15[39m     save_experiment,
[32m     16[39m     save_model,
[32m     17[39m     set_config,
[32m     18[39m     set_current_experiment,
[32m     19[39m     setup,
[32m     20[39m )
[32m     21[39m [38;5;28;01mfrom[39;00m[38;5;250m [39m[34;01mpycaret[39;00m[34;01m.[39;00m[34;01manomaly[39;00m[34;01m.[39;00m[34;01moop[39;00m[38;5;250m [39m[38;5;28;01mimport[39;00m AnomalyExperiment
[32m     23[39m __all__ = [
[32m     24[39m     [33m"[39m[33mAnomalyExperiment[39m[33m"[39m,
[32m     25[39m     [33m"[39m[33msetup[39m[33m"[39m,
[32m   (...)[39m[32m     42[39m     [33m"[39m[33mget_current_experiment[39m[33m"[39m,
[32m     43[39m ]

[36mFile [39m[32mC:\Anaconda3\envs\py311\Lib\site-packages\pycaret\anomaly\functional.py:8[39m
[32m      5[39m [38;5;28;01mimport[39;00m[38;5;250m [39m[34;01mpandas[39;00m[38;5;250m [39m[38;5;28;01mas[39;00m[38;5;250m [39m[34;01mpd[39;00m
[32m      6[39m [38;5;28;01mfrom[39;00m[38;5;250m [39m[34;01mjoblib[39;00m[34;01m.[39;00m[34;01mmemory[39;00m[38;5;250m [39m[38;5;28;01mimport[39;00m Memory
[32m----> [39m[32m8[39m [38;5;28;01mfrom[39;00m[38;5;250m [39m[34;01mpycaret[39;00m[34;01m.[39;00m[34;01manomaly[39;00m[34;01m.[39;00m[34;01moop[39;00m[38;5;250m [39m[38;5;28;01mimport[39;00m AnomalyExperiment
[32m      9[39m [38;5;28;01mfrom[39;00m[38;5;250m [39m[34;01mpycaret[39;00m[34;01m.[39;00m[34;01mloggers[39;00m[34;01m.[39;00m[34;01mbase_logger[39;00m[38;5;250m [39m[38;5;28;01mimport[39;00m BaseLogger
[32m     10[39m [38;5;28;01mfrom[39;00m[38;5;250m [39m[34;01mpycaret[39;00m[34;01m.[39;00m[34;01mutils[39;00m[34;01m.[39;00m[34;01mconstants[39;00m[38;5;250m [39m[38;5;28;01mimport[39;00m DATAFRAME_LIKE, SEQUENCE_LIKE

[36mFile [39m[32mC:\Anaconda3\envs\py311\Lib\site-packages\pycaret\anomaly\oop.py:6[39m
[32m      3[39m [38;5;28;01mimport[39;00m[38;5;250m [39m[34;01mpandas[39;00m[38;5;250m [39m[38;5;28;01mas[39;00m[38;5;250m [39m[34;01mpd[39;00m
[32m      5[39m [38;5;28;01mfrom[39;00m[38;5;250m [39m[34;01mpycaret[39;00m[34;01m.[39;00m[34;01mcontainers[39;00m[34;01m.[39;00m[34;01mmetrics[39;00m[34;01m.[39;00m[34;01manomaly[39;00m[38;5;250m [39m[38;5;28;01mimport[39;00m get_all_metric_containers
[32m----> [39m[32m6[39m [38;5;28;01mfrom[39;00m[38;5;250m [39m[34;01mpycaret[39;00m[34;01m.[39;00m[34;01mcontainers[39;00m[34;01m.[39;00m[34;01mmodels[39;00m[34;01m.[39;00m[34;01manomaly[39;00m[38;5;250m [39m[38;5;28;01mimport[39;00m get_all_model_containers
[32m      7[39m [38;5;28;01mfrom[39;00m[38;5;250m [39m[34;01mpycaret[39;00m[34;01m.[39;00m[34;01minternal[39;00m[34;01m.[39;00m[34;01mlogging[39;00m[38;5;250m [39m[38;5;28;01mimport[39;00m get_logger
[32m      8[39m [38;5;28;01mfrom[39;00m[38;5;250m [39m[34;01mpycaret[39;00m[34;01m.[39;00m[34;01minternal[39;00m[34;01m.[39;00m[34;01mpycaret_experiment[39;00m[34;01m.[39;00m[34;01munsupervised_experiment[39;00m[38;5;250m [39m[38;5;28;01mimport[39;00m (
[32m      9[39m     _UnsupervisedExperiment,
[32m     10[39m )

[36mFile [39m[32mC:\Anaconda3\envs\py311\Lib\site-packages\pycaret\containers\models\anomaly.py:17[39m
[32m     15[39m [38;5;28;01mimport[39;00m[38;5;250m [39m[34;01mpycaret[39;00m[34;01m.[39;00m[34;01mcontainers[39;00m[34;01m.[39;00m[34;01mbase_container[39;00m
[32m     16[39m [38;5;28;01mimport[39;00m[38;5;250m [39m[34;01mpycaret[39;00m[34;01m.[39;00m[34;01minternal[39;00m[34;01m.[39;00m[34;01mcuml_wrappers[39;00m
[32m---> [39m[32m17[39m [38;5;28;01mfrom[39;00m[38;5;250m [39m[34;01mpycaret[39;00m[34;01m.[39;00m[34;01mcontainers[39;00m[34;01m.[39;00m[34;01mmodels[39;00m[34;01m.[39;00m[34;01mbase_model[39;00m[38;5;250m [39m[38;5;28;01mimport[39;00m ModelContainer
[32m     18[39m [38;5;28;01mfrom[39;00m[38;5;250m [39m[34;01mpycaret[39;00m[34;01m.[39;00m[34;01minternal[39;00m[34;01m.[39;00m[34;01mdistributions[39;00m[38;5;250m [39m[38;5;28;01mimport[39;00m Distribution
[32m     19[39m [38;5;28;01mfrom[39;00m[38;5;250m [39m[34;01mpycaret[39;00m[34;01m.[39;00m[34;01mutils[39;00m[34;01m.[39;00m[34;01mgeneric[39;00m[38;5;250m [39m[38;5;28;01mimport[39;00m get_logger, param_grid_to_lists

[36mFile [39m[32mC:\Anaconda3\envs\py311\Lib\site-packages\pycaret\containers\models\base_model.py:9[39m
[32m      7[39m [38;5;28;01mfrom[39;00m[38;5;250m [39m[34;01mpycaret[39;00m[34;01m.[39;00m[34;01mcontainers[39;00m[34;01m.[39;00m[34;01mbase_container[39;00m[38;5;250m [39m[38;5;28;01mimport[39;00m BaseContainer
[32m      8[39m [38;5;28;01mfrom[39;00m[38;5;250m [39m[34;01mpycaret[39;00m[34;01m.[39;00m[34;01minternal[39;00m[34;01m.[39;00m[34;01mdistributions[39;00m[38;5;250m [39m[38;5;28;01mimport[39;00m CategoricalDistribution
[32m----> [39m[32m9[39m [38;5;28;01mfrom[39;00m[38;5;250m [39m[34;01mpycaret[39;00m[34;01m.[39;00m[34;01minternal[39;00m[34;01m.[39;00m[34;01mpycaret_experiment[39;00m[34;01m.[39;00m[34;01mpycaret_experiment[39;00m[38;5;250m [39m[38;5;28;01mimport[39;00m _PyCaretExperiment
[32m     10[39m [38;5;28;01mfrom[39;00m[38;5;250m [39m[34;01mpycaret[39;00m[34;01m.[39;00m[34;01mutils[39;00m[34;01m.[39;00m[34;01mgeneric[39;00m[38;5;250m [39m[38;5;28;01mimport[39;00m get_allowed_engines, get_logger
[32m     13[39m [38;5;28;01mclass[39;00m[38;5;250m [39m[34;01mModelContainer[39;00m(BaseContainer):

[36mFile [39m[32mC:\Anaconda3\envs\py311\Lib\site-packages\pycaret\internal\pycaret_experiment\pycaret_experiment.py:10[39m
[32m      7[39m [38;5;28;01mimport[39;00m[38;5;250m [39m[34;01mcloudpickle[39;00m
[32m      8[39m [38;5;28;01mimport[39;00m[38;5;250m [39m[34;01mpandas[39;00m[38;5;250m [39m[38;5;28;01mas[39;00m[38;5;250m [39m[34;01mpd[39;00m
[32m---> [39m[32m10[39m [38;5;28;01mimport[39;00m[38;5;250m [39m[34;01mpycaret[39;00m[34;01m.[39;00m[34;01minternal[39;00m[34;01m.[39;00m[34;01mpatches[39;00m[34;01m.[39;00m[34;01msklearn[39;00m
[32m     11[39m [38;5;28;01mimport[39;00m[38;5;250m [39m[34;01mpycaret[39;00m[34;01m.[39;00m[34;01minternal[39;00m[34;01m.[39;00m[34;01mpatches[39;00m[34;01m.[39;00m[34;01myellowbrick[39;00m
[32m     12[39m [38;5;28;01mimport[39;00m[38;5;250m [39m[34;01mpycaret[39;00m[34;01m.[39;00m[34;01minternal[39;00m[34;01m.[39;00m[34;01mpersistence[39;00m

[36mFile [39m[32mC:\Anaconda3\envs\py311\Lib\site-packages\pycaret\internal\patches\sklearn.py:9[39m
[32m      6[39m [38;5;28;01mfrom[39;00m[38;5;250m [39m[34;01msklearn[39;00m[34;01m.[39;00m[34;01mmodel_selection[39;00m[34;01m.[39;00m[34;01m_validation[39;00m[38;5;250m [39m[38;5;28;01mimport[39;00m _fit_and_score, _score
[32m      7[39m [38;5;28;01mfrom[39;00m[38;5;250m [39m[34;01msklearn[39;00m[34;01m.[39;00m[34;01mutils[39;00m[38;5;250m [39m[38;5;28;01mimport[39;00m check_random_state
[32m----> [39m[32m9[39m [38;5;28;01mfrom[39;00m[38;5;250m [39m[34;01mpycaret[39;00m[34;01m.[39;00m[34;01minternal[39;00m[34;01m.[39;00m[34;01mpipeline[39;00m[38;5;250m [39m[38;5;28;01mimport[39;00m pipeline_predict_inverse_only
[32m     11[39m [38;5;66;03m# Monkey patching sklearn.model_selection._search to avoid overflows on windows.[39;00m
[32m     12[39m 
[32m     13[39m 
[32m     14[39m [38;5;66;03m# adapted from https://github.com/scikit-learn/scikit-learn/blob/master/sklearn/utils/_random.pyx[39;00m
[32m     15[39m [38;5;28;01mdef[39;00m[38;5;250m [39m[34m_mp_sample_without_replacement[39m(
[32m     16[39m     n_population: [38;5;28mint[39m, n_samples: [38;5;28mint[39m, method=[38;5;28;01mNone[39;00m, random_state=[38;5;28;01mNone[39;00m
[32m     17[39m ) -> Any:

[36mFile [39m[32mC:\Anaconda3\envs\py311\Lib\site-packages\pycaret\internal\pipeline.py:19[39m
[32m     17[39m [38;5;28;01mimport[39;00m[38;5;250m [39m[34;01msklearn[39;00m[34;01m.[39;00m[34;01mpipeline[39;00m
[32m     18[39m [38;5;28;01mfrom[39;00m[38;5;250m [39m[34;01msklearn[39;00m[34;01m.[39;00m[34;01mbase[39;00m[38;5;250m [39m[38;5;28;01mimport[39;00m clone
[32m---> [39m[32m19[39m [38;5;28;01mfrom[39;00m[38;5;250m [39m[34;01msklearn[39;00m[34;01m.[39;00m[34;01mutils[39;00m[38;5;250m [39m[38;5;28;01mimport[39;00m _print_elapsed_time
[32m     20[39m [38;5;28;01mfrom[39;00m[38;5;250m [39m[34;01msklearn[39;00m[34;01m.[39;00m[34;01mutils[39;00m[34;01m.[39;00m[34;01mmetadata_routing[39;00m[38;5;250m [39m[38;5;28;01mimport[39;00m _routing_enabled
[32m     21[39m [38;5;28;01mfrom[39;00m[38;5;250m [39m[34;01msklearn[39;00m[34;01m.[39;00m[34;01mutils[39;00m[34;01m.[39;00m[34;01mmetaestimators[39;00m[38;5;250m [39m[38;5;28;01mimport[39;00m available_if

[31mImportError[39m: cannot import name '_print_elapsed_time' from 'sklearn.utils' (C:\Anaconda3\envs\py311\Lib\site-packages\sklearn\utils\__init__.py)

